{
  "Types": [
    {
      "Name": "SelfReferencingResource",
      "Properties": [
        {
          "Name": "Name",
          "Type": "string",
          "DisplayInfo": {
            "Required": false,
            "ReadOnly": true,
            "Label": "Name",
            "Description": null,
            "Options": null,
            "ListApi": null,
            "ShowCopyToClipboard": false
          }
        },
        {
          "Name": "SelfReference",
          "Type": "SelfReferencingResource",
          "DisplayInfo": {
            "Required": false,
            "ReadOnly": true,
            "Label": "SelfReference",
            "Description": null,
            "Options": null,
            "ListApi": null,
            "ShowCopyToClipboard": false
          }
        },
        {
          "Name": "SomeValue",
          "Type": "string",
          "DisplayInfo": {
            "Required": false,
            "ReadOnly": true,
            "Label": "SomeValue",
            "Description": null,
            "Options": null,
            "ListApi": null,
            "ShowCopyToClipboard": false
          }
        }
      ]
    }
  ],
  "Description": null
}