{
  "Types": [
    {
      "Name": "ParentResource",
      "Properties": [
        {
          "Name": "Children",
          "Type": "ChildResource[]",
          "DisplayInfo": {
            "Required": false,
            "ReadOnly": true,
            "Label": "Children",
            "Description": null,
            "Options": null,
            "ListApi": null,
            "ShowCopyToClipboard": false,
            "PropertyApplicability": null,
            "ConnectivityCheck": null
          }
        },
        {
          "Name": "SomeValue",
          "Type": "string",
          "DisplayInfo": {
            "Required": false,
            "ReadOnly": true,
            "Label": "SomeValue",
            "Description": null,
            "Options": null,
            "ListApi": null,
            "ShowCopyToClipboard": false,
            "PropertyApplicability": null,
            "ConnectivityCheck": null
          }
        }
      ]
    },
    {
      "Name": "ChildResource",
      "Properties": [
        {
          "Name": "Parent",
          "Type": "ParentResource",
          "DisplayInfo": {
            "Required": false,
            "ReadOnly": true,
            "Label": "Parent",
            "Description": null,
            "Options": null,
            "ListApi": null,
            "ShowCopyToClipboard": false,
            "PropertyApplicability": null,
            "ConnectivityCheck": null
          }
        },
        {
          "Name": "ChildIntProperty",
          "Type": "int",
          "DisplayInfo": {
            "Required": false,
            "ReadOnly": true,
            "Label": "ChildIntProperty",
            "Description": null,
            "Options": null,
            "ListApi": null,
            "ShowCopyToClipboard": false,
            "PropertyApplicability": null,
            "ConnectivityCheck": null
          }
        }
      ]
    }
  ],
  "Description": null
}